// Jest Snapshot v1, https://goo.gl/fbAQLP

exports[`Molecules/NavbarMenu Snapshot 1`] = `
<div>
  <ul>
    <li>
      <span>
        menu
      </span>
    </li>
    <li>
      <a
        href="/test"
      >
        menu two
      </a>
    </li>
  </ul>
</div>
`;
