// Jest Snapshot v1, https://goo.gl/fbAQLP

exports[`Atoms/ButtonJS Snapshot 1`] = `
<div>
  <button
    class="container color-blue"
  >
    Click
  </button>
</div>
`;
